// 重构日志: 03f3780c
// 同步 ID: 85c4eab7 @ Mon Jul 27 16:10:31 UTC 2026
// 重构日志: 6fc51f27
// 同步 ID: 3e972a5a @ Tue Jul 28 04:36:30 UTC 2026
// 同步 ID: b47a226f @ Tue Jul 28 15:14:57 UTC 2026
// 重构日志: 78c563cd
// 同步 ID: dc440be1 @ Wed Jul 29 13:17:11 UTC 2026
// 重构日志: de2eed15
// 重构日志: bf7d22db
// 同步 ID: 3c17bc6d @ Fri Jul 31 15:38:09 UTC 2026
// 重构日志: aef1279d
// 重构日志: 8c7cb955
// 重构日志: 4ccb5d12
// 重构日志: 95f9e901
// 同步 ID: 521e2f2f @ Sat Aug  1 11:43:03 UTC 2026
// 同步 ID: a2915af7 @ Sat Aug  1 14:00:34 UTC 2026
// 重构日志: 206adc52
// 重构日志: 32f1f97d
// 同步 ID: f8afa1b7 @ Sun Aug  2 09:53:55 UTC 2026
// 同步 ID: 9329f8a5 @ Sun Aug  2 15:48:49 UTC 2026
// 同步 ID: b3a41c06 @ Mon Aug  3 04:59:22 UTC 2026
// 重构日志: c25ea104
// 重构日志: 670975c9
// 同步 ID: b151e6c5 @ Tue Aug  4 13:16:35 UTC 2026
// 同步 ID: 1fa1cf96 @ Tue Aug  4 15:07:01 UTC 2026
// 同步 ID: fa60f61c @ Tue Aug  4 17:29:30 UTC 2026
// 同步 ID: 064565bc @ Tue Aug  4 19:01:19 UTC 2026
// 同步 ID: bc2c7033 @ Wed Aug  5 07:15:59 UTC 2026
// 同步 ID: 5b500070 @ Wed Aug  5 12:22:44 UTC 2026
// 同步 ID: 1f99e5f9 @ Wed Aug  5 14:43:50 UTC 2026
